
> storyboarder@1.0.0 start
> node server.js

Server rodando na porta 3001
2026-07-31 19:53:58.185 node[47353:1117522] 2026-07-31 19:53:58.181429 [W:onnxruntime:, graph.cc:3490 CleanUnusedInitializersAndNodeArgs] Removing initializer '/model/decoder/Shape_4_output_0'. It is not used by any node and should be removed from the model.
2026-07-31 19:53:58.186 node[47353:1117522] 2026-07-31 19:53:58.186889 [W:onnxruntime:, graph.cc:3490 CleanUnusedInitializersAndNodeArgs] Removing initializer '/model/decoder/Constant_16_output_0'. It is not used by any node and should be removed from the model.
2026-07-31 19:53:58.197 node[47353:1117522] 2026-07-31 19:53:58.197126 [W:onnxruntime:, graph.cc:3490 CleanUnusedInitializersAndNodeArgs] Removing initializer '/model/decoder/Constant_11_output_0'. It is not used by any node and should be removed from the model.
2026-07-31 19:53:58.197 node[47353:1117522] 2026-07-31 19:53:58.197163 [W:onnxruntime:, graph.cc:3490 CleanUnusedInitializersAndNodeArgs] Removing initializer '/model/decoder/Constant_10_output_0'. It is not used by any node and should be removed from the model.
2026-07-31 19:53:58.197 node[47353:1117522] 2026-07-31 19:53:58.197178 [W:onnxruntime:, graph.cc:3490 CleanUnusedInitializersAndNodeArgs] Removing initializer '/model/decoder/Constant_12_output_0'. It is not used by any node and should be removed from the model.
2026-07-31 19:53:58.197 node[47353:1117522] 2026-07-31 19:53:58.197191 [W:onnxruntime:, graph.cc:3490 CleanUnusedInitializersAndNodeArgs] Removing initializer '/model/decoder/Constant_2_output_0'. It is not used by any node and should be removed from the model.
2026-07-31 19:53:58.197 node[47353:1117522] 2026-07-31 19:53:58.197204 [W:onnxruntime:, graph.cc:3490 CleanUnusedInitializersAndNodeArgs] Removing initializer '/model/decoder/Constant_9_output_0'. It is not used by any node and should be removed from the model.
2026-07-31 19:53:58.197 node[47353:1117522] 2026-07-31 19:53:58.197322 [W:onnxruntime:, graph.cc:3490 CleanUnusedInitializersAndNodeArgs] Removing initializer '/model/decoder/Constant_1_output_0'. It is not used by any node and should be removed from the model.
2026-07-31 19:53:58.197 node[47353:1117522] 2026-07-31 19:53:58.197336 [W:onnxruntime:, graph.cc:3490 CleanUnusedInitializersAndNodeArgs] Removing initializer '/model/decoder/Constant_output_0'. It is not used by any node and should be removed from the model.
2026-07-31 19:53:58.229 node[47353:1117522] 2026-07-31 19:53:58.229432 [W:onnxruntime:, graph.cc:3490 CleanUnusedInitializersAndNodeArgs] Removing initializer '/model/decoder/layers.3/activation_fn/Constant_2_output_0'. It is not used by any node and should be removed from the model.
2026-07-31 19:53:58.229 node[47353:1117522] 2026-07-31 19:53:58.229500 [W:onnxruntime:, graph.cc:3490 CleanUnusedInitializersAndNodeArgs] Removing initializer '/model/decoder/layers.3/activation_fn/Constant_output_0'. It is not used by any node and should be removed from the model.
2026-07-31 19:53:58.229 node[47353:1117522] 2026-07-31 19:53:58.229536 [W:onnxruntime:, graph.cc:3490 CleanUnusedInitializersAndNodeArgs] Removing initializer '/model/decoder/layers.3/activation_fn/Constant_1_output_0'. It is not used by any node and should be removed from the model.
2026-07-31 19:53:58.229 node[47353:1117522] 2026-07-31 19:53:58.229552 [W:onnxruntime:, graph.cc:3490 CleanUnusedInitializersAndNodeArgs] Removing initializer '/model/decoder/layers.1/activation_fn/Constant_output_0'. It is not used by any node and should be removed from the model.
2026-07-31 19:53:58.229 node[47353:1117522] 2026-07-31 19:53:58.229566 [W:onnxruntime:, graph.cc:3490 CleanUnusedInitializersAndNodeArgs] Removing initializer '/model/decoder/layers.2/activation_fn/Constant_2_output_0'. It is not used by any node and should be removed from the model.
2026-07-31 19:53:58.229 node[47353:1117522] 2026-07-31 19:53:58.229581 [W:onnxruntime:, graph.cc:3490 CleanUnusedInitializersAndNodeArgs] Removing initializer '/model/decoder/layers.2/activation_fn/Constant_1_output_0'. It is not used by any node and should be removed from the model.
2026-07-31 19:53:58.229 node[47353:1117522] 2026-07-31 19:53:58.229615 [W:onnxruntime:, graph.cc:3490 CleanUnusedInitializersAndNodeArgs] Removing initializer '/model/decoder/layers.1/activation_fn/Constant_1_output_0'. It is not used by any node and should be removed from the model.
2026-07-31 19:53:58.229 node[47353:1117522] 2026-07-31 19:53:58.229626 [W:onnxruntime:, graph.cc:3490 CleanUnusedInitializersAndNodeArgs] Removing initializer '/model/decoder/layers.1/activation_fn/Constant_2_output_0'. It is not used by any node and should be removed from the model.
2026-07-31 19:53:58.229 node[47353:1117522] 2026-07-31 19:53:58.229638 [W:onnxruntime:, graph.cc:3490 CleanUnusedInitializersAndNodeArgs] Removing initializer '/model/decoder/layers.0/activation_fn/Constant_2_output_0'. It is not used by any node and should be removed from the model.
2026-07-31 19:53:58.229 node[47353:1117522] 2026-07-31 19:53:58.229648 [W:onnxruntime:, graph.cc:3490 CleanUnusedInitializersAndNodeArgs] Removing initializer '/model/decoder/layers.2/activation_fn/Constant_output_0'. It is not used by any node and should be removed from the model.
2026-07-31 19:53:58.229 node[47353:1117522] 2026-07-31 19:53:58.229658 [W:onnxruntime:, graph.cc:3490 CleanUnusedInitializersAndNodeArgs] Removing initializer '/model/decoder/layers.0/activation_fn/Constant_1_output_0'. It is not used by any node and should be removed from the model.
2026-07-31 19:53:58.229 node[47353:1117522] 2026-07-31 19:53:58.229666 [W:onnxruntime:, graph.cc:3490 CleanUnusedInitializersAndNodeArgs] Removing initializer '/model/decoder/layers.0/activation_fn/Constant_output_0'. It is not used by any node and should be removed from the model.
2026-07-31 19:53:58.229 node[47353:1117522] 2026-07-31 19:53:58.229798 [W:onnxruntime:, graph.cc:3490 CleanUnusedInitializersAndNodeArgs] Removing initializer '/model/decoder/layers.3/activation_fn/Constant_2_output_0'. It is not used by any node and should be removed from the model.
2026-07-31 19:53:58.229 node[47353:1117522] 2026-07-31 19:53:58.229809 [W:onnxruntime:, graph.cc:3490 CleanUnusedInitializersAndNodeArgs] Removing initializer '/model/decoder/layers.3/activation_fn/Constant_output_0'. It is not used by any node and should be removed from the model.
2026-07-31 19:53:58.229 node[47353:1117522] 2026-07-31 19:53:58.229819 [W:onnxruntime:, graph.cc:3490 CleanUnusedInitializersAndNodeArgs] Removing initializer '/model/decoder/layers.2/activation_fn/Constant_1_output_0'. It is not used by any node and should be removed from the model.
2026-07-31 19:53:58.229 node[47353:1117522] 2026-07-31 19:53:58.229831 [W:onnxruntime:, graph.cc:3490 CleanUnusedInitializersAndNodeArgs] Removing initializer '/model/decoder/layers.2/activation_fn/Constant_output_0'. It is not used by any node and should be removed from the model.
2026-07-31 19:53:58.229 node[47353:1117522] 2026-07-31 19:53:58.229841 [W:onnxruntime:, graph.cc:3490 CleanUnusedInitializersAndNodeArgs] Removing initializer '/model/decoder/layers.3/activation_fn/Constant_1_output_0'. It is not used by any node and should be removed from the model.
2026-07-31 19:53:58.229 node[47353:1117522] 2026-07-31 19:53:58.229851 [W:onnxruntime:, graph.cc:3490 CleanUnusedInitializersAndNodeArgs] Removing initializer '/model/decoder/layers.1/activation_fn/Constant_output_0'. It is not used by any node and should be removed from the model.
2026-07-31 19:53:58.229 node[47353:1117522] 2026-07-31 19:53:58.229863 [W:onnxruntime:, graph.cc:3490 CleanUnusedInitializersAndNodeArgs] Removing initializer '/model/decoder/layers.2/activation_fn/Constant_2_output_0'. It is not used by any node and should be removed from the model.
2026-07-31 19:53:58.229 node[47353:1117522] 2026-07-31 19:53:58.229877 [W:onnxruntime:, graph.cc:3490 CleanUnusedInitializersAndNodeArgs] Removing initializer '/model/decoder/layers.1/activation_fn/Constant_2_output_0'. It is not used by any node and should be removed from the model.
2026-07-31 19:53:58.229 node[47353:1117522] 2026-07-31 19:53:58.229886 [W:onnxruntime:, graph.cc:3490 CleanUnusedInitializersAndNodeArgs] Removing initializer '/model/decoder/layers.1/activation_fn/Constant_1_output_0'. It is not used by any node and should be removed from the model.
2026-07-31 19:53:58.229 node[47353:1117522] 2026-07-31 19:53:58.229907 [W:onnxruntime:, graph.cc:3490 CleanUnusedInitializersAndNodeArgs] Removing initializer '/model/decoder/layers.0/activation_fn/Constant_2_output_0'. It is not used by any node and should be removed from the model.
2026-07-31 19:53:58.229 node[47353:1117522] 2026-07-31 19:53:58.229916 [W:onnxruntime:, graph.cc:3490 CleanUnusedInitializersAndNodeArgs] Removing initializer '/model/decoder/layers.0/activation_fn/Constant_output_0'. It is not used by any node and should be removed from the model.
2026-07-31 19:53:58.229 node[47353:1117522] 2026-07-31 19:53:58.229926 [W:onnxruntime:, graph.cc:3490 CleanUnusedInitializersAndNodeArgs] Removing initializer '/model/decoder/layers.0/activation_fn/Constant_1_output_0'. It is not used by any node and should be removed from the model.
2026-07-31 19:53:58.237 node[47353:1117522] 2026-07-31 19:53:58.237731 [W:onnxruntime:, graph.cc:3490 CleanUnusedInitializersAndNodeArgs] Removing initializer '/model/decoder/layer_norm/Constant_1_output_0'. It is not used by any node and should be removed from the model.
2026-07-31 19:53:58.237 node[47353:1117522] 2026-07-31 19:53:58.237760 [W:onnxruntime:, graph.cc:3490 CleanUnusedInitializersAndNodeArgs] Removing initializer '/model/decoder/layers.3/final_layer_norm/Constant_1_output_0'. It is not used by any node and should be removed from the model.
2026-07-31 19:53:58.237 node[47353:1117522] 2026-07-31 19:53:58.237773 [W:onnxruntime:, graph.cc:3490 CleanUnusedInitializersAndNodeArgs] Removing initializer '/model/decoder/layers.3/encoder_attn_layer_norm/Constant_output_0'. It is not used by any node and should be removed from the model.
2026-07-31 19:53:58.237 node[47353:1117522] 2026-07-31 19:53:58.237783 [W:onnxruntime:, graph.cc:3490 CleanUnusedInitializersAndNodeArgs] Removing initializer '/model/decoder/layers.3/self_attn_layer_norm/Constant_1_output_0'. It is not used by any node and should be removed from the model.
2026-07-31 19:53:58.237 node[47353:1117522] 2026-07-31 19:53:58.237793 [W:onnxruntime:, graph.cc:3490 CleanUnusedInitializersAndNodeArgs] Removing initializer '/model/decoder/layers.3/self_attn_layer_norm/Constant_output_0'. It is not used by any node and should be removed from the model.
2026-07-31 19:53:58.237 node[47353:1117522] 2026-07-31 19:53:58.237803 [W:onnxruntime:, graph.cc:3490 CleanUnusedInitializersAndNodeArgs] Removing initializer '/model/decoder/layers.3/encoder_attn_layer_norm/Constant_1_output_0'. It is not used by any node and should be removed from the model.
2026-07-31 19:53:58.237 node[47353:1117522] 2026-07-31 19:53:58.237812 [W:onnxruntime:, graph.cc:3490 CleanUnusedInitializersAndNodeArgs] Removing initializer '/model/decoder/layers.2/encoder_attn_layer_norm/Constant_1_output_0'. It is not used by any node and should be removed from the model.
2026-07-31 19:53:58.237 node[47353:1117522] 2026-07-31 19:53:58.237821 [W:onnxruntime:, graph.cc:3490 CleanUnusedInitializersAndNodeArgs] Removing initializer '/model/decoder/layers.1/encoder_attn_layer_norm/Constant_1_output_0'. It is not used by any node and should be removed from the model.
2026-07-31 19:53:58.237 node[47353:1117522] 2026-07-31 19:53:58.237830 [W:onnxruntime:, graph.cc:3490 CleanUnusedInitializersAndNodeArgs] Removing initializer '/model/decoder/layers.2/final_layer_norm/Constant_output_0'. It is not used by any node and should be removed from the model.
2026-07-31 19:53:58.237 node[47353:1117522] 2026-07-31 19:53:58.237838 [W:onnxruntime:, graph.cc:3490 CleanUnusedInitializersAndNodeArgs] Removing initializer '/model/decoder/layers.2/self_attn_layer_norm/Constant_1_output_0'. It is not used by any node and should be removed from the model.
2026-07-31 19:53:58.237 node[47353:1117522] 2026-07-31 19:53:58.237846 [W:onnxruntime:, graph.cc:3490 CleanUnusedInitializersAndNodeArgs] Removing initializer '/model/decoder/layers.1/final_layer_norm/Constant_1_output_0'. It is not used by any node and should be removed from the model.
2026-07-31 19:53:58.238 node[47353:1117522] 2026-07-31 19:53:58.238716 [W:onnxruntime:, graph.cc:3490 CleanUnusedInitializersAndNodeArgs] Removing initializer '/model/decoder/layers.1/final_layer_norm/Constant_output_0'. It is not used by any node and should be removed from the model.
2026-07-31 19:53:58.238 node[47353:1117522] 2026-07-31 19:53:58.238732 [W:onnxruntime:, graph.cc:3490 CleanUnusedInitializersAndNodeArgs] Removing initializer '/model/decoder/layers.0/encoder_attn_layer_norm/Constant_1_output_0'. It is not used by any node and should be removed from the model.
2026-07-31 19:53:58.238 node[47353:1117522] 2026-07-31 19:53:58.238743 [W:onnxruntime:, graph.cc:3490 CleanUnusedInitializersAndNodeArgs] Removing initializer '/model/decoder/layers.1/encoder_attn_layer_norm/Constant_output_0'. It is not used by any node and should be removed from the model.
2026-07-31 19:53:58.238 node[47353:1117522] 2026-07-31 19:53:58.238756 [W:onnxruntime:, graph.cc:3490 CleanUnusedInitializersAndNodeArgs] Removing initializer '/model/decoder/layers.2/final_layer_norm/Constant_1_output_0'. It is not used by any node and should be removed from the model.
2026-07-31 19:53:58.238 node[47353:1117522] 2026-07-31 19:53:58.238766 [W:onnxruntime:, graph.cc:3490 CleanUnusedInitializersAndNodeArgs] Removing initializer '/model/decoder/layers.1/self_attn_layer_norm/Constant_1_output_0'. It is not used by any node and should be removed from the model.
2026-07-31 19:53:58.238 node[47353:1117522] 2026-07-31 19:53:58.238776 [W:onnxruntime:, graph.cc:3490 CleanUnusedInitializersAndNodeArgs] Removing initializer '/model/decoder/layers.0/final_layer_norm/Constant_output_0'. It is not used by any node and should be removed from the model.
2026-07-31 19:53:58.238 node[47353:1117522] 2026-07-31 19:53:58.238788 [W:onnxruntime:, graph.cc:3490 CleanUnusedInitializersAndNodeArgs] Removing initializer '/model/decoder/layer_norm/Constant_output_0'. It is not used by any node and should be removed from the model.
2026-07-31 19:53:58.238 node[47353:1117522] 2026-07-31 19:53:58.238797 [W:onnxruntime:, graph.cc:3490 CleanUnusedInitializersAndNodeArgs] Removing initializer '/model/decoder/layers.0/self_attn_layer_norm/Constant_1_output_0'. It is not used by any node and should be removed from the model.
2026-07-31 19:53:58.238 node[47353:1117522] 2026-07-31 19:53:58.238806 [W:onnxruntime:, graph.cc:3490 CleanUnusedInitializersAndNodeArgs] Removing initializer '/model/decoder/layers.1/self_attn_layer_norm/Constant_output_0'. It is not used by any node and should be removed from the model.
2026-07-31 19:53:58.238 node[47353:1117522] 2026-07-31 19:53:58.238814 [W:onnxruntime:, graph.cc:3490 CleanUnusedInitializersAndNodeArgs] Removing initializer '/model/decoder/layers.0/final_layer_norm/Constant_1_output_0'. It is not used by any node and should be removed from the model.
2026-07-31 19:53:58.238 node[47353:1117522] 2026-07-31 19:53:58.238823 [W:onnxruntime:, graph.cc:3490 CleanUnusedInitializersAndNodeArgs] Removing initializer '/model/decoder/layers.0/self_attn_layer_norm/Constant_output_0'. It is not used by any node and should be removed from the model.
2026-07-31 19:53:58.238 node[47353:1117522] 2026-07-31 19:53:58.238832 [W:onnxruntime:, graph.cc:3490 CleanUnusedInitializersAndNodeArgs] Removing initializer '/model/decoder/layers.2/encoder_attn_layer_norm/Constant_output_0'. It is not used by any node and should be removed from the model.
2026-07-31 19:53:58.238 node[47353:1117522] 2026-07-31 19:53:58.238840 [W:onnxruntime:, graph.cc:3490 CleanUnusedInitializersAndNodeArgs] Removing initializer '/model/decoder/layers.0/encoder_attn_layer_norm/Constant_output_0'. It is not used by any node and should be removed from the model.
2026-07-31 19:53:58.238 node[47353:1117522] 2026-07-31 19:53:58.238848 [W:onnxruntime:, graph.cc:3490 CleanUnusedInitializersAndNodeArgs] Removing initializer '/model/decoder/layers.3/final_layer_norm/Constant_output_0'. It is not used by any node and should be removed from the model.
2026-07-31 19:53:58.238 node[47353:1117522] 2026-07-31 19:53:58.238867 [W:onnxruntime:, graph.cc:3490 CleanUnusedInitializersAndNodeArgs] Removing initializer '/model/decoder/layers.2/self_attn_layer_norm/Constant_output_0'. It is not used by any node and should be removed from the model.
2026-07-31 19:53:58.238 node[47353:1117522] 2026-07-31 19:53:58.238981 [W:onnxruntime:, graph.cc:3490 CleanUnusedInitializersAndNodeArgs] Removing initializer '/model/decoder/layer_norm/Constant_1_output_0'. It is not used by any node and should be removed from the model.
2026-07-31 19:53:58.238 node[47353:1117522] 2026-07-31 19:53:58.238991 [W:onnxruntime:, graph.cc:3490 CleanUnusedInitializersAndNodeArgs] Removing initializer '/model/decoder/layers.3/final_layer_norm/Constant_1_output_0'. It is not used by any node and should be removed from the model.
2026-07-31 19:53:58.239 node[47353:1117522] 2026-07-31 19:53:58.238999 [W:onnxruntime:, graph.cc:3490 CleanUnusedInitializersAndNodeArgs] Removing initializer '/model/decoder/layers.3/encoder_attn_layer_norm/Constant_1_output_0'. It is not used by any node and should be removed from the model.
2026-07-31 19:53:58.239 node[47353:1117522] 2026-07-31 19:53:58.239007 [W:onnxruntime:, graph.cc:3490 CleanUnusedInitializersAndNodeArgs] Removing initializer '/model/decoder/layers.3/encoder_attn_layer_norm/Constant_output_0'. It is not used by any node and should be removed from the model.
2026-07-31 19:53:58.239 node[47353:1117522] 2026-07-31 19:53:58.239015 [W:onnxruntime:, graph.cc:3490 CleanUnusedInitializersAndNodeArgs] Removing initializer '/model/decoder/layers.1/encoder_attn_layer_norm/Constant_output_0'. It is not used by any node and should be removed from the model.
2026-07-31 19:53:58.239 node[47353:1117522] 2026-07-31 19:53:58.239024 [W:onnxruntime:, graph.cc:3490 CleanUnusedInitializersAndNodeArgs] Removing initializer '/model/decoder/layers.3/self_attn_layer_norm/Constant_1_output_0'. It is not used by any node and should be removed from the model.
2026-07-31 19:53:58.239 node[47353:1117522] 2026-07-31 19:53:58.239032 [W:onnxruntime:, graph.cc:3490 CleanUnusedInitializersAndNodeArgs] Removing initializer '/model/decoder/layers.3/self_attn_layer_norm/Constant_output_0'. It is not used by any node and should be removed from the model.
2026-07-31 19:53:58.239 node[47353:1117522] 2026-07-31 19:53:58.239041 [W:onnxruntime:, graph.cc:3490 CleanUnusedInitializersAndNodeArgs] Removing initializer '/model/decoder/layers.2/encoder_attn_layer_norm/Constant_1_output_0'. It is not used by any node and should be removed from the model.
2026-07-31 19:53:58.239 node[47353:1117522] 2026-07-31 19:53:58.239050 [W:onnxruntime:, graph.cc:3490 CleanUnusedInitializersAndNodeArgs] Removing initializer '/model/decoder/layers.1/encoder_attn_layer_norm/Constant_1_output_0'. It is not used by any node and should be removed from the model.
2026-07-31 19:53:58.239 node[47353:1117522] 2026-07-31 19:53:58.239058 [W:onnxruntime:, graph.cc:3490 CleanUnusedInitializersAndNodeArgs] Removing initializer '/model/decoder/layers.2/final_layer_norm/Constant_output_0'. It is not used by any node and should be removed from the model.
2026-07-31 19:53:58.239 node[47353:1117522] 2026-07-31 19:53:58.239066 [W:onnxruntime:, graph.cc:3490 CleanUnusedInitializersAndNodeArgs] Removing initializer '/model/decoder/layers.2/self_attn_layer_norm/Constant_1_output_0'. It is not used by any node and should be removed from the model.
2026-07-31 19:53:58.239 node[47353:1117522] 2026-07-31 19:53:58.239074 [W:onnxruntime:, graph.cc:3490 CleanUnusedInitializersAndNodeArgs] Removing initializer '/model/decoder/layers.1/final_layer_norm/Constant_1_output_0'. It is not used by any node and should be removed from the model.
2026-07-31 19:53:58.239 node[47353:1117522] 2026-07-31 19:53:58.239082 [W:onnxruntime:, graph.cc:3490 CleanUnusedInitializersAndNodeArgs] Removing initializer '/model/decoder/layers.1/final_layer_norm/Constant_output_0'. It is not used by any node and should be removed from the model.
2026-07-31 19:53:58.239 node[47353:1117522] 2026-07-31 19:53:58.239099 [W:onnxruntime:, graph.cc:3490 CleanUnusedInitializersAndNodeArgs] Removing initializer '/model/decoder/layers.0/encoder_attn_layer_norm/Constant_1_output_0'. It is not used by any node and should be removed from the model.
2026-07-31 19:53:58.239 node[47353:1117522] 2026-07-31 19:53:58.239109 [W:onnxruntime:, graph.cc:3490 CleanUnusedInitializersAndNodeArgs] Removing initializer '/model/decoder/layers.2/final_layer_norm/Constant_1_output_0'. It is not used by any node and should be removed from the model.
2026-07-31 19:53:58.239 node[47353:1117522] 2026-07-31 19:53:58.239117 [W:onnxruntime:, graph.cc:3490 CleanUnusedInitializersAndNodeArgs] Removing initializer '/model/decoder/layers.1/self_attn_layer_norm/Constant_1_output_0'. It is not used by any node and should be removed from the model.
2026-07-31 19:53:58.239 node[47353:1117522] 2026-07-31 19:53:58.239125 [W:onnxruntime:, graph.cc:3490 CleanUnusedInitializersAndNodeArgs] Removing initializer '/model/decoder/layers.0/final_layer_norm/Constant_output_0'. It is not used by any node and should be removed from the model.
2026-07-31 19:53:58.239 node[47353:1117522] 2026-07-31 19:53:58.239133 [W:onnxruntime:, graph.cc:3490 CleanUnusedInitializersAndNodeArgs] Removing initializer '/model/decoder/layer_norm/Constant_output_0'. It is not used by any node and should be removed from the model.
2026-07-31 19:53:58.239 node[47353:1117522] 2026-07-31 19:53:58.239141 [W:onnxruntime:, graph.cc:3490 CleanUnusedInitializersAndNodeArgs] Removing initializer '/model/decoder/layers.0/self_attn_layer_norm/Constant_1_output_0'. It is not used by any node and should be removed from the model.
2026-07-31 19:53:58.239 node[47353:1117522] 2026-07-31 19:53:58.239149 [W:onnxruntime:, graph.cc:3490 CleanUnusedInitializersAndNodeArgs] Removing initializer '/model/decoder/layers.3/final_layer_norm/Constant_output_0'. It is not used by any node and should be removed from the model.
2026-07-31 19:53:58.239 node[47353:1117522] 2026-07-31 19:53:58.239157 [W:onnxruntime:, graph.cc:3490 CleanUnusedInitializersAndNodeArgs] Removing initializer '/model/decoder/layers.0/final_layer_norm/Constant_1_output_0'. It is not used by any node and should be removed from the model.
2026-07-31 19:53:58.239 node[47353:1117522] 2026-07-31 19:53:58.239165 [W:onnxruntime:, graph.cc:3490 CleanUnusedInitializersAndNodeArgs] Removing initializer '/model/decoder/layers.2/self_attn_layer_norm/Constant_output_0'. It is not used by any node and should be removed from the model.
2026-07-31 19:53:58.239 node[47353:1117522] 2026-07-31 19:53:58.239173 [W:onnxruntime:, graph.cc:3490 CleanUnusedInitializersAndNodeArgs] Removing initializer '/model/decoder/layers.0/self_attn_layer_norm/Constant_output_0'. It is not used by any node and should be removed from the model.
2026-07-31 19:53:58.239 node[47353:1117522] 2026-07-31 19:53:58.239181 [W:onnxruntime:, graph.cc:3490 CleanUnusedInitializersAndNodeArgs] Removing initializer '/model/decoder/layers.1/self_attn_layer_norm/Constant_output_0'. It is not used by any node and should be removed from the model.
2026-07-31 19:53:58.239 node[47353:1117522] 2026-07-31 19:53:58.239190 [W:onnxruntime:, graph.cc:3490 CleanUnusedInitializersAndNodeArgs] Removing initializer '/model/decoder/layers.2/encoder_attn_layer_norm/Constant_output_0'. It is not used by any node and should be removed from the model.
2026-07-31 19:53:58.239 node[47353:1117522] 2026-07-31 19:53:58.239198 [W:onnxruntime:, graph.cc:3490 CleanUnusedInitializersAndNodeArgs] Removing initializer '/model/decoder/layers.0/encoder_attn_layer_norm/Constant_output_0'. It is not used by any node and should be removed from the model.
Attempting to extract features for audio longer than 30 seconds. If using a pipeline to extract transcript from a long audio clip, remember to specify `chunk_length_s` and/or `stride_length_s`.
